// Jest Snapshot v1, https://goo.gl/fbAQLP

exports[`Testing add wallet modal renders correctly 1`] = `
<View>
  <Text
    style={
      Array [
        Object {
          "color": "#000000",
          "fontFamily": "System",
          "fontWeight": "400",
        },
        Object {
          "textAlign": "left",
        },
        Array [
          Object {
            "fontSize": 22,
            "fontWeight": "500",
          },
          Object {
            "color": "#2A9D8F",
            "fontWeight": "bold",
            "margin": 26.5,
          },
        ],
      ]
    }
  >
    Add Wallet
  </Text>
  <View
    style={
      Array [
        Object {
          "backgroundColor": "rgb(231, 231, 231)",
          "borderTopLeftRadius": 4,
          "borderTopRightRadius": 4,
        },
        Object {
          "alignSelf": "center",
          "backgroundColor": "transparent",
          "borderWidth": 0,
          "marginBottom": 40,
          "width": 600,
        },
      ]
    }
  >
    <View
      style={
        Object {
          "backgroundColor": "rgba(0, 0, 0, 0.26)",
          "bottom": 0,
          "height": 2,
          "left": 0,
          "position": "absolute",
          "right": 0,
          "transform": Array [
            Object {
              "scaleY": 0.5,
            },
          ],
        }
      }
    />
    <View
      style={
        Array [
          Object {
            "paddingBottom": 0,
            "paddingTop": 0,
          },
          Object {
            "minHeight": 133.5,
          },
        ]
      }
    >
      <TextInput
        allowFontScaling={true}
        autoFocus={true}
        editable={true}
        multiline={false}
        onBlur={[Function]}
        onChangeText={[Function]}
        onFocus={[Function]}
        placeholder="What do we call this wallet?"
        placeholderTextColor="rgba(0, 0, 0, 0.54)"
        rejectResponderTermination={true}
        selectionColor="#6200ee"
        style={
          Array [
            Object {
              "flexGrow": 1,
              "margin": 0,
              "zIndex": 1,
            },
            Object {
              "paddingLeft": 12,
              "paddingRight": 12,
            },
            Object {
              "height": 133.5,
            },
            Object {
              "paddingBottom": 0,
              "paddingTop": 0,
            },
            Object {
              "color": "#000000",
              "fontFamily": "System",
              "fontSize": 23,
              "fontWeight": undefined,
              "textAlign": "left",
              "textAlignVertical": "center",
            },
            false,
            Array [
              Object {},
            ],
          ]
        }
        underlineColorAndroid="transparent"
      />
    </View>
  </View>
  <View
    style={
      Object {
        "alignSelf": "center",
        "backgroundColor": "rgba(0, 0, 0, 0.12)",
        "borderColor": "transparent",
        "borderRadius": 40,
        "borderStyle": "solid",
        "borderWidth": 0,
        "elevation": 0,
        "height": 80,
        "justifyContent": "center",
        "minWidth": 64,
        "width": 600,
      }
    }
  >
    <View
      accessibilityRole="button"
      accessibilityState={
        Object {
          "disabled": true,
        }
      }
      accessible={true}
      focusable={true}
      onClick={[Function]}
      onResponderGrant={[Function]}
      onResponderMove={[Function]}
      onResponderRelease={[Function]}
      onResponderTerminate={[Function]}
      onResponderTerminationRequest={[Function]}
      onStartShouldSetResponder={[Function]}
      style={
        Array [
          Object {
            "overflow": "hidden",
          },
          Object {
            "borderRadius": 40,
          },
        ]
      }
      testID="buttontestID"
    >
      <View
        style={
          Array [
            Object {
              "alignItems": "center",
              "flexDirection": "row",
              "justifyContent": "center",
            },
            undefined,
          ]
        }
      >
        <Text
          numberOfLines={1}
          selectable={false}
          style={
            Array [
              Object {
                "color": "#000000",
                "fontFamily": "System",
                "fontWeight": "400",
              },
              Object {
                "textAlign": "left",
              },
              Array [
                Object {
                  "letterSpacing": 1,
                  "marginHorizontal": 16,
                  "marginVertical": 9,
                  "textAlign": "center",
                },
                undefined,
                false,
                Object {
                  "color": "rgba(0, 0, 0, 0.32)",
                  "fontFamily": "System",
                  "fontWeight": "500",
                },
                Object {
                  "fontFamily": "System",
                  "fontWeight": "500",
                },
                Array [
                  Object {
                    "fontSize": 17,
                    "fontWeight": "bold",
                  },
                ],
              ],
            ]
          }
        >
          Save
        </Text>
      </View>
    </View>
  </View>
</View>
`;
